
> my-project@0.1.0 build
> next build

sh: 1: next: not found
